###############################################################################
#
# IAR ELF Linker V7.10.1.6676/W32 for ARM                 21/Apr/2017  16:27:12
# Copyright 2007-2014 IAR Systems AB.
#
#    Output file  =  
#        C:\Users\Administrator\Desktop\433_WIFI_IR\EWARM\Debug\Exe\Escout-4U.out
#    Map file     =  
#        C:\Users\Administrator\Desktop\433_WIFI_IR\EWARM\Debug\List\Escout-4U.map
#    Command line =  
#        C:\Users\Administrator\Desktop\433_WIFI_IR\EWARM\Debug\Obj\adc_ts.o
#        C:\Users\Administrator\Desktop\433_WIFI_IR\EWARM\Debug\Obj\CC1101.o
#        C:\Users\Administrator\Desktop\433_WIFI_IR\EWARM\Debug\Obj\core_cm3.o
#        C:\Users\Administrator\Desktop\433_WIFI_IR\EWARM\Debug\Obj\crc16.o
#        C:\Users\Administrator\Desktop\433_WIFI_IR\EWARM\Debug\Obj\delay.o
#        C:\Users\Administrator\Desktop\433_WIFI_IR\EWARM\Debug\Obj\detector.o
#        C:\Users\Administrator\Desktop\433_WIFI_IR\EWARM\Debug\Obj\iwdg.o
#        C:\Users\Administrator\Desktop\433_WIFI_IR\EWARM\Debug\Obj\JQ6500.o
#        C:\Users\Administrator\Desktop\433_WIFI_IR\EWARM\Debug\Obj\KEY_LED.o
#        C:\Users\Administrator\Desktop\433_WIFI_IR\EWARM\Debug\Obj\main.o
#        C:\Users\Administrator\Desktop\433_WIFI_IR\EWARM\Debug\Obj\misc.o
#        C:\Users\Administrator\Desktop\433_WIFI_IR\EWARM\Debug\Obj\rtc.o
#        C:\Users\Administrator\Desktop\433_WIFI_IR\EWARM\Debug\Obj\startup_stm32f10x_hd.o
#        C:\Users\Administrator\Desktop\433_WIFI_IR\EWARM\Debug\Obj\stm32f10x_adc.o
#        C:\Users\Administrator\Desktop\433_WIFI_IR\EWARM\Debug\Obj\stm32f10x_crc.o
#        C:\Users\Administrator\Desktop\433_WIFI_IR\EWARM\Debug\Obj\stm32f10x_dac.o
#        C:\Users\Administrator\Desktop\433_WIFI_IR\EWARM\Debug\Obj\stm32f10x_dma.o
#        C:\Users\Administrator\Desktop\433_WIFI_IR\EWARM\Debug\Obj\stm32f10x_exti.o
#        C:\Users\Administrator\Desktop\433_WIFI_IR\EWARM\Debug\Obj\stm32f10x_flash.o
#        C:\Users\Administrator\Desktop\433_WIFI_IR\EWARM\Debug\Obj\stm32f10x_gpio.o
#        C:\Users\Administrator\Desktop\433_WIFI_IR\EWARM\Debug\Obj\stm32f10x_i2c.o
#        C:\Users\Administrator\Desktop\433_WIFI_IR\EWARM\Debug\Obj\stm32f10x_it.o
#        C:\Users\Administrator\Desktop\433_WIFI_IR\EWARM\Debug\Obj\stm32f10x_iwdg.o
#        C:\Users\Administrator\Desktop\433_WIFI_IR\EWARM\Debug\Obj\stm32f10x_pwr.o
#        C:\Users\Administrator\Desktop\433_WIFI_IR\EWARM\Debug\Obj\stm32f10x_rcc.o
#        C:\Users\Administrator\Desktop\433_WIFI_IR\EWARM\Debug\Obj\stm32f10x_rtc.o
#        C:\Users\Administrator\Desktop\433_WIFI_IR\EWARM\Debug\Obj\stm32f10x_sdio.o
#        C:\Users\Administrator\Desktop\433_WIFI_IR\EWARM\Debug\Obj\stm32f10x_spi.o
#        C:\Users\Administrator\Desktop\433_WIFI_IR\EWARM\Debug\Obj\stm32f10x_tim.o
#        C:\Users\Administrator\Desktop\433_WIFI_IR\EWARM\Debug\Obj\stm32f10x_usart.o
#        C:\Users\Administrator\Desktop\433_WIFI_IR\EWARM\Debug\Obj\stm32f10x_wwdg.o
#        C:\Users\Administrator\Desktop\433_WIFI_IR\EWARM\Debug\Obj\store.o
#        C:\Users\Administrator\Desktop\433_WIFI_IR\EWARM\Debug\Obj\sys.o
#        C:\Users\Administrator\Desktop\433_WIFI_IR\EWARM\Debug\Obj\system_stm32f10x.o
#        C:\Users\Administrator\Desktop\433_WIFI_IR\EWARM\Debug\Obj\temp-humi.o
#        C:\Users\Administrator\Desktop\433_WIFI_IR\EWARM\Debug\Obj\Tick.o
#        C:\Users\Administrator\Desktop\433_WIFI_IR\EWARM\Debug\Obj\timer.o
#        C:\Users\Administrator\Desktop\433_WIFI_IR\EWARM\Debug\Obj\usart.o
#        C:\Users\Administrator\Desktop\433_WIFI_IR\EWARM\Debug\Obj\wifi.o -o
#        C:\Users\Administrator\Desktop\433_WIFI_IR\EWARM\Debug\Exe\Escout-4U.out
#        --map
#        C:\Users\Administrator\Desktop\433_WIFI_IR\EWARM\Debug\List\Escout-4U.map
#        --config
#        C:\Users\Administrator\Desktop\433_WIFI_IR\EWARM\..\EWARM\stm32f10x_flash.icf
#        --semihosting --entry __iar_program_start --vfe
#
###############################################################################

*******************************************************************************
*** RUNTIME MODEL ATTRIBUTES
***

CppFlavor                     = *
__SystemLibrary               = DLib
__dlib_dynamic_initialization = normal


*******************************************************************************
*** PLACEMENT SUMMARY
***

"A1":  place at 0x08000000 { ro section .intvec };
"P1":  place in [from 0x08000000 to 0x080fffff] { ro };
"P2":  place in [from 0x20000000 to 0x20017fff] { rw, block CSTACK, block HEAP };

  Section             Kind        Address    Size  Object
  -------             ----        -------    ----  ------
"A1":                                       0x130
  .intvec             ro code  0x08000000   0x130  startup_stm32f10x_hd.o [1]
                             - 0x08000130   0x130

"P1":                                      0x9efa
  .text               ro code  0x08000130  0x3fd4  detector.o [1]
  .text               ro code  0x08004104   0x23c  stm32f10x_rcc.o [1]
  .text               ro code  0x08004340    0xdc  stm32f10x_gpio.o [1]
  .text               ro code  0x0800441c    0x90  stm32f10x_exti.o [1]
  .text               ro code  0x080044ac    0x80  misc.o [1]
  .text               ro code  0x0800452c    0xec  stm32f10x_adc.o [1]
  .text               ro code  0x08004618   0x454  CC1101.o [1]
  .text               ro code  0x08004a6c    0x2a  iwdg.o [1]
  .text               ro code  0x08004a96    0x22  zero_init3.o [5]
  .text               ro code  0x08004ab8   0x260  main.o [1]
  .text               ro code  0x08004d18    0x68  Tick.o [1]
  .text               ro code  0x08004d80   0x238  timer.o [1]
  .text               ro code  0x08004fb8   0x3b8  stm32f10x_tim.o [1]
  .text               ro code  0x08005370     0xc  memcpy.o [3]
  .text               ro code  0x0800537c   0x954  store.o [1]
  .text               ro code  0x08005cd0    0x14  memset.o [3]
  .text               ro code  0x08005ce4    0x24  printf.o [3]
  .text               ro code  0x08005d08  0x13c0  wifi.o [1]
  .text               ro code  0x080070c8     0x6  ABImemclr4.o [5]
  .text               ro code  0x080070ce     0xa  xsprout.o [3]
  .text               ro code  0x080070d8    0xc8  JQ6500.o [1]
  .text               ro code  0x080071a0    0x3e  delay.o [1]
  .text               ro code  0x080071e0   0x27c  rtc.o [1]
  .text               ro code  0x0800745c   0x50c  usart.o [1]
  .text               ro code  0x08007968    0x66  stm32f10x_spi.o [1]
  .text               ro code  0x080079d0    0x34  stm32f10x_iwdg.o [1]
  .text               ro code  0x08007a04     0x4  wifi.o [1]
  .text               ro code  0x08007a08    0xfc  system_stm32f10x.o [1]
  .text               ro code  0x08007b04    0x98  sys.o [1]
  .text               ro code  0x08007b9c   0x100  KEY_LED.o [1]
  .text               ro code  0x08007c9c   0x110  stm32f10x_flash.o [1]
  .text               ro code  0x08007dac    0x76  ABImemcpy_unaligned.o [5]
  .text               ro code  0x08007e24   0x22c  crc16.o [1]
  .text               ro code  0x08008050    0x66  ABImemset.o [5]
  .text               ro code  0x080080b8   0xd6e  xprintffull_nomb.o [3]
  .text               ro code  0x08008e28    0x36  strlen.o [5]
  .text               ro code  0x08008e60    0x34  sprintf.o [3]
  .text               ro code  0x08008e94    0x16  strchr.o [5]
  .text               ro code  0x08008eac     0x6  ABImemclr.o [5]
  .text               ro code  0x08008eb4    0xd8  FltMul.o [4]
  .text               ro code  0x08008f8c    0x44  FltToS32.o [4]
  .text               ro code  0x08008fd0    0x32  ABImemset48.o [5]
  .text               ro code  0x08009004   0x222  stm32f10x_usart.o [1]
  .text               ro code  0x08009228    0x2c  vsprintf.o [3]
  .text               ro code  0x08009254    0x2c  strstr.o [3]
  .text               ro code  0x08009280    0x58  memchr.o [5]
  .text               ro code  0x080092d8    0xee  I64DivMod.o [5]
  .text               ro code  0x080093c6    0x42  xdnorm.o [4]
  .text               ro code  0x08009408    0x2e  DblCmpLe.o [4]
  .text               ro code  0x08009438    0x2e  DblCmpGe.o [4]
  .text               ro code  0x08009468   0x10c  xdscale.o [4]
  .text               ro code  0x08009574    0x58  DblToI32.o [4]
  .text               ro code  0x080095cc    0x30  I32ToDbl.o [4]
  .text               ro code  0x080095fc   0x180  DblSub.o [4]
  .text               ro code  0x0800977c   0x1a2  DblMul.o [4]
  .text               ro code  0x08009920   0x246  DblDiv.o [4]
  .text               ro code  0x08009b68    0x6c  localeconv.o [3]
  .text               ro code  0x08009bd4     0xe  div.o [3]
  .text               ro code  0x08009be4     0x2  I64DivZer.o [5]
  .text               ro code  0x08009be8    0xd4  DblAdd.o [4]
  .text               ro code  0x08009cbc     0x2  xtls.o [3]
  .text               ro code  0x08009cbe    0xd4  packbits_init.o [5]
  .text               ro code  0x08009d92     0x6  abort.o [3]
  .text               ro code  0x08009d98    0x14  exit.o [6]
  .text               ro code  0x08009dac    0x7c  stm32f10x_it.o [1]
  .text               ro code  0x08009e28    0x28  data_init.o [5]
  .iar.init_table     const    0x08009e50    0x2c  - Linker created -
  .text               ro code  0x08009e7c    0x1a  cmain.o [5]
  .text               ro code  0x08009e96     0x4  low_level_init.o [3]
  .text               ro code  0x08009e9a     0x4  exit.o [3]
  .text               ro code  0x08009ea0     0xa  cexit.o [5]
  .text               ro code  0x08009eaa    0x16  xprout.o [3]
  .text               ro code  0x08009ec0     0xc  putchar.o [3]
  .text               ro code  0x08009ecc    0x10  startup_stm32f10x_hd.o [1]
  .text               ro code  0x08009edc     0xc  cstartup_M.o [5]
  .text               ro code  0x08009ee8     0x4  startup_stm32f10x_hd.o [1]
  .text               ro code  0x08009eec     0x4  startup_stm32f10x_hd.o [1]
  .text               ro code  0x08009ef0     0x4  startup_stm32f10x_hd.o [1]
  .text               ro code  0x08009ef4     0x4  startup_stm32f10x_hd.o [1]
  .text               ro code  0x08009ef8     0x4  startup_stm32f10x_hd.o [1]
  .text               ro code  0x08009efc     0x4  startup_stm32f10x_hd.o [1]
  .text               ro code  0x08009f00     0x4  startup_stm32f10x_hd.o [1]
  .text               ro code  0x08009f04     0x4  startup_stm32f10x_hd.o [1]
  .text               ro code  0x08009f08     0x4  startup_stm32f10x_hd.o [1]
  .text               ro code  0x08009f0c     0x4  startup_stm32f10x_hd.o [1]
  .text               ro code  0x08009f10     0x4  startup_stm32f10x_hd.o [1]
  .text               ro code  0x08009f14     0x4  startup_stm32f10x_hd.o [1]
  .text               ro code  0x08009f18     0x4  startup_stm32f10x_hd.o [1]
  .text               ro code  0x08009f1c     0x4  startup_stm32f10x_hd.o [1]
  .text               ro code  0x08009f20     0x4  startup_stm32f10x_hd.o [1]
  .text               ro code  0x08009f24     0x4  startup_stm32f10x_hd.o [1]
  .text               ro code  0x08009f28     0x4  startup_stm32f10x_hd.o [1]
  .text               ro code  0x08009f2c     0x4  startup_stm32f10x_hd.o [1]
  .text               ro code  0x08009f30     0x4  startup_stm32f10x_hd.o [1]
  .text               ro code  0x08009f34     0x4  startup_stm32f10x_hd.o [1]
  .text               ro code  0x08009f38     0x4  startup_stm32f10x_hd.o [1]
  .text               ro code  0x08009f3c     0x4  startup_stm32f10x_hd.o [1]
  .text               ro code  0x08009f40     0x4  startup_stm32f10x_hd.o [1]
  .text               ro code  0x08009f44     0x4  startup_stm32f10x_hd.o [1]
  .text               ro code  0x08009f48     0x4  startup_stm32f10x_hd.o [1]
  .text               ro code  0x08009f4c     0x4  startup_stm32f10x_hd.o [1]
  .text               ro code  0x08009f50     0x4  startup_stm32f10x_hd.o [1]
  .text               ro code  0x08009f54     0x4  startup_stm32f10x_hd.o [1]
  .text               ro code  0x08009f58     0x4  startup_stm32f10x_hd.o [1]
  .text               ro code  0x08009f5c     0x4  startup_stm32f10x_hd.o [1]
  .text               ro code  0x08009f60     0x4  startup_stm32f10x_hd.o [1]
  .text               ro code  0x08009f64     0x4  startup_stm32f10x_hd.o [1]
  .text               ro code  0x08009f68     0x4  startup_stm32f10x_hd.o [1]
  .text               ro code  0x08009f6c     0x4  startup_stm32f10x_hd.o [1]
  .text               ro code  0x08009f70     0x4  startup_stm32f10x_hd.o [1]
  .text               ro code  0x08009f74     0x4  startup_stm32f10x_hd.o [1]
  .text               ro code  0x08009f78     0x4  startup_stm32f10x_hd.o [1]
  .text               ro code  0x08009f7c     0x4  startup_stm32f10x_hd.o [1]
  .text               ro code  0x08009f80     0x4  startup_stm32f10x_hd.o [1]
  .text               ro code  0x08009f84     0x4  startup_stm32f10x_hd.o [1]
  .text               ro code  0x08009f88     0x4  startup_stm32f10x_hd.o [1]
  .text               ro code  0x08009f8c     0x4  startup_stm32f10x_hd.o [1]
  .text               ro code  0x08009f90     0x4  startup_stm32f10x_hd.o [1]
  .text               ro code  0x08009f94     0x4  startup_stm32f10x_hd.o [1]
  .text               ro code  0x08009f98     0x4  startup_stm32f10x_hd.o [1]
  .text               ro code  0x08009f9c     0x4  startup_stm32f10x_hd.o [1]
  .text               ro code  0x08009fa0     0x4  startup_stm32f10x_hd.o [1]
  .text               ro code  0x08009fa4     0x4  startup_stm32f10x_hd.o [1]
  .text               ro code  0x08009fa8     0x4  startup_stm32f10x_hd.o [1]
  .text               ro code  0x08009fac     0x4  startup_stm32f10x_hd.o [1]
  .text               ro code  0x08009fb0     0x4  startup_stm32f10x_hd.o [1]
  .text               ro code  0x08009fb4     0x4  startup_stm32f10x_hd.o [1]
  .rodata             const    0x08009fb8     0x0  zero_init3.o [5]
  .rodata             const    0x08009fb8     0x0  packbits_init.o [5]
  Initializer bytes   ro data  0x08009fb8    0x72  <for P2 s0>
                             - 0x0800a02a  0x9efa

"P2", part 1 of 3:                          0x178
  P2 s0                        0x20000000   0x175  <Init block>
    __DLIB_PERTHREAD  inited   0x20000000    0x88  localeconv.o [3]
    .data             inited   0x20000088    0x48  detector.o [1]
    .data             inited   0x200000d0    0x40  wifi.o [1]
    .data             inited   0x20000110    0x40  xfiles.o [3]
    .data             inited   0x20000150    0x14  stm32f10x_rcc.o [1]
    .data             inited   0x20000164     0x8  CC1101.o [1]
    .data             inited   0x2000016c     0x8  CC1101.o [1]
    .data             inited   0x20000174     0x1  detector.o [1]
                             - 0x20000175   0x175

"P2", part 2 of 3:                         0x12b0
  .bss                zero     0x20000178   0x4c8  store.o [1]
  .bss                zero     0x20000640   0x400  store.o [1]
  .bss                zero     0x20000a40   0x1f4  store.o [1]
  .bss                zero     0x20000c34   0x1a0  usart.o [1]
  .bss                zero     0x20000dd4   0x190  detector.o [1]
  .bss                zero     0x20000f64   0x14c  store.o [1]
  .bss                zero     0x200010b0   0x12c  wifi.o [1]
  .bss                zero     0x200011dc    0x7c  detector.o [1]
  .bss                zero     0x20001258    0x7c  wifi.o [1]
  .bss                zero     0x200012d4    0x50  xfiles.o [3]
  .bss                zero     0x20001324    0x38  usart.o [1]
  .bss                zero     0x2000135c    0x34  detector.o [1]
  .bss                zero     0x20001390    0x34  store.o [1]
  .bss                zero     0x200013c4    0x20  temp-humi.o [1]
  .bss                zero     0x200013e4     0xe  rtc.o [1]
  .bss                zero     0x200013f2     0x1  KEY_LED.o [1]
  .bss                zero     0x200013f3     0x1  stm32f10x_it.o [1]
  .bss                zero     0x200013f4     0x8  KEY_LED.o [1]
  .bss                zero     0x200013fc     0x8  store.o [1]
  .bss                zero     0x20001404     0x8  wifi.o [1]
  .bss                zero     0x2000140c     0x4  detector.o [1]
  .bss                zero     0x20001410     0x4  detector.o [1]
  .bss                zero     0x20001414     0x4  detector.o [1]
  .bss                zero     0x20001418     0x4  main.o [1]
  .bss                zero     0x2000141c     0x4  stm32f10x_it.o [1]
  .bss                zero     0x20001420     0x4  sys.o [1]
  .bss                zero     0x20001424     0x4  Tick.o [1]
                             - 0x20001428  0x12b0

"P2", part 3 of 3:                          0x800
  CSTACK                       0x20001428   0x800  <Block>
    CSTACK            uninit   0x20001428   0x800  <Block tail>
                             - 0x20001c28   0x800


*******************************************************************************
*** INIT TABLE
***

          Address     Size
          -------     ----
Zero (__iar_zero_init3)
    1 destination range, total size 0x12b0:
          0x20000178  0x12b0

Copy/packbits (__iar_packbits_init3)
    1 source range, total size 0x72 (30% of destination):
          0x08009fb8    0x72
    1 destination range, total size 0x175:
          0x20000000   0x175



*******************************************************************************
*** MODULE SUMMARY
***

    Module                  ro code  ro data  rw data
    ------                  -------  -------  -------
C:\Users\Administrator\Desktop\433_WIFI_IR\EWARM\Debug\Obj: [1]
    CC1101.o                  1 108        5       16
    JQ6500.o                    200
    KEY_LED.o                   256                 9
    Tick.o                      104                 4
    crc16.o                     556
    delay.o                      62
    detector.o               16 340       23      661
    iwdg.o                       42
    main.o                      608                 4
    misc.o                      128
    rtc.o                       636                14
    startup_stm32f10x_hd.o      528
    stm32f10x_adc.o             236
    stm32f10x_exti.o            144
    stm32f10x_flash.o           272
    stm32f10x_gpio.o            220
    stm32f10x_it.o              124                 5
    stm32f10x_iwdg.o             52
    stm32f10x_rcc.o             572        6       20
    stm32f10x_spi.o             102
    stm32f10x_tim.o             952
    stm32f10x_usart.o           546
    store.o                   2 388             3 140
    sys.o                       152                 4
    system_stm32f10x.o          252
    temp-humi.o                                    32
    timer.o                     568
    usart.o                   1 292               472
    wifi.o                    5 060       20      496
    -------------------------------------------------
    Total:                   33 500       54    4 877

command line: [2]
    -------------------------------------------------
    Total:

dl7M_tlf.a: [3]
    abort.o                       6
    div.o                        14
    exit.o                        4
    localeconv.o                108       41      136
    low_level_init.o              4
    memcpy.o                     12
    memset.o                     20
    printf.o                     36
    putchar.o                    12
    sprintf.o                    52
    strstr.o                     44
    vsprintf.o                   44
    xfiles.o                              19      144
    xprintffull_nomb.o        3 438
    xprout.o                     22
    xsprout.o                    10
    xtls.o                        2
    -------------------------------------------------
    Total:                    3 828       60      280

m7M_tl.a: [4]
    DblAdd.o                    212
    DblCmpGe.o                   46
    DblCmpLe.o                   46
    DblDiv.o                    582
    DblMul.o                    418
    DblSub.o                    384
    DblToI32.o                   88
    FltMul.o                    216
    FltToS32.o                   68
    I32ToDbl.o                   48
    xdnorm.o                     66
    xdscale.o                   268
    -------------------------------------------------
    Total:                    2 442

rt7M_tl.a: [5]
    ABImemclr.o                   6
    ABImemclr4.o                  6
    ABImemcpy_unaligned.o       118
    ABImemset.o                 102
    ABImemset48.o                50
    I64DivMod.o                 238
    I64DivZer.o                   2
    cexit.o                      10
    cmain.o                      26
    cstartup_M.o                 12
    data_init.o                  40
    memchr.o                     88
    packbits_init.o             212
    strchr.o                     22
    strlen.o                     54
    zero_init3.o                 34
    -------------------------------------------------
    Total:                    1 020

shb_l.a: [6]
    exit.o                       20
    -------------------------------------------------
    Total:                       20

    Gaps                         34
    Linker created                        44    2 048
-----------------------------------------------------
    Grand Total:             40 844      158    7 205


*******************************************************************************
*** ENTRY LIST
***

Entry                      Address   Size  Type      Object
-----                      -------   ----  ----      ------
?main                   0x08009e7d         Code  Gb  cmain.o [5]
ADCPrescTable           0x20000160    0x4  Data  Lc  stm32f10x_rcc.o [1]
ADC_Cmd                 0x080045c7   0x16  Code  Gb  stm32f10x_adc.o [1]
ADC_DeInit              0x0800452d   0x5e  Code  Gb  stm32f10x_adc.o [1]
ADC_GetCalibrationStatus
                        0x080045fb    0xa  Code  Gb  stm32f10x_adc.o [1]
ADC_GetResetCalibrationStatus
                        0x080045e7    0xa  Code  Gb  stm32f10x_adc.o [1]
ADC_Init                0x0800458b   0x3c  Code  Gb  stm32f10x_adc.o [1]
ADC_ResetCalibration    0x080045dd    0xa  Code  Gb  stm32f10x_adc.o [1]
ADC_StartCalibration    0x080045f1    0xa  Code  Gb  stm32f10x_adc.o [1]
APBAHBPrescTable        0x20000150   0x10  Data  Lc  stm32f10x_rcc.o [1]
Adc_Init                0x080001d3   0x82  Code  Gb  detector.o [1]
AlarmFlags              0x20001400    0x4  Data  Gb  store.o [1]
AllUart_Init            0x080076c9   0x1c  Code  Gb  usart.o [1]
Ask_gpio_init           0x080046d1   0x44  Code  Gb  CC1101.o [1]
BusFault_Handler        0x08009db3    0x2  Code  Gb  stm32f10x_it.o [1]
CPU_IntDis              0x08004ab9    0x4  Code  Gb  main.o [1]
CPU_IntEn               0x08004abd    0x4  Code  Gb  main.o [1]
CRC16                   0x08007e25   0x2c  Code  Gb  crc16.o [1]
CSTACK$$Base            0x20001428          --   Gb  - Linker created -
CSTACK$$Limit           0x20001c28          --   Gb  - Linker created -
C_Relation              0x20000178  0x14c  Data  Gb  store.o [1]
C_Sys_out               0x080003a1   0x2a  Code  Gb  detector.o [1]
Changgui                0x080039d5  0x374  Code  Gb  detector.o [1]
CheckCtl_Relation       0x08005949   0x1c  Code  Gb  store.o [1]
CheckDevInfoExist       0x08005965   0x1c  Code  Gb  store.o [1]
CheckIRdataExist        0x080058cf   0x20  Code  Gb  store.o [1]
CheckPA_data            0x0800590f   0x1e  Code  Gb  store.o [1]
CheckScenario_mode      0x0800592d   0x1c  Code  Gb  store.o [1]
CheckSendDatExist       0x08005bc3   0x1a  Code  Gb  store.o [1]
CheckStuDatExist        0x080058ef   0x20  Code  Gb  store.o [1]
CheckWifInfoExist       0x08005bdd   0x1a  Code  Gb  store.o [1]
CpuInit                 0x0800462d   0xa4  Code  Gb  CC1101.o [1]
DELAY                   0x0800027b   0x26  Code  Gb  detector.o [1]
DS                      0x200000d0    0x1  Data  Gb  wifi.o [1]
Data0_out               0x08000459   0xc0  Code  Gb  detector.o [1]
Data1_out               0x08000519   0xc0  Code  Gb  detector.o [1]
DataF_out               0x080005d9   0xc0  Code  Gb  detector.o [1]
Data_out                0x0800040b   0x4e  Code  Gb  detector.o [1]
Data_out_0              0x080002a1   0x28  Code  Gb  detector.o [1]
Data_out_1              0x080002c9   0x2a  Code  Gb  detector.o [1]
Data_out_start          0x080002f3   0x2a  Code  Gb  detector.o [1]
DebugMon_Handler        0x08009db9    0x2  Code  Gb  stm32f10x_it.o [1]
Delay                   0x08000255   0x26  Code  Gb  detector.o [1]
Delete_Sensor           0x080034e9  0x1e4  Code  Gb  detector.o [1]
Delete_app              0x080032d1   0xc8  Code  Gb  detector.o [1]
Delete_guanlin          0x08005489   0x78  Code  Gb  store.o [1]
Detector_Init           0x08000159   0x7a  Code  Gb  detector.o [1]
Deviceinfo              0x20000624   0x1c  Data  Gb  store.o [1]
EXTI1_IRQHandler        0x08009dc7   0x20  Code  Gb  stm32f10x_it.o [1]
EXTI9_5_IRQHandler      0x08009de7   0x32  Code  Gb  stm32f10x_it.o [1]
EXTI_ClearFlag          0x08004487    0x6  Code  Gb  stm32f10x_exti.o [1]
EXTI_GetITStatus        0x0800448d   0x18  Code  Gb  stm32f10x_exti.o [1]
EXTI_Init               0x0800441d   0x6a  Code  Gb  stm32f10x_exti.o [1]
Esp8266_Init            0x08005d8b  0x102  Code  Gb  wifi.o [1]
FIRST_LT                0x200000a2    0x2  Data  Gb  detector.o [1]
FLASH_ClearFlag         0x08007d4d    0x6  Code  Gb  stm32f10x_flash.o [1]
FLASH_ErasePage         0x08007ce1   0x3a  Code  Gb  stm32f10x_flash.o [1]
FLASH_GetBank1Status    0x08007d53   0x22  Code  Gb  stm32f10x_flash.o [1]
FLASH_Lock              0x08007cd3    0xe  Code  Gb  stm32f10x_flash.o [1]
FLASH_PrefetchBufferCmd
                        0x08007cad   0x14  Code  Gb  stm32f10x_flash.o [1]
FLASH_ProgramHalfWord   0x08007d1b   0x32  Code  Gb  stm32f10x_flash.o [1]
FLASH_SetLatency        0x08007c9d   0x10  Code  Gb  stm32f10x_flash.o [1]
FLASH_Unlock            0x08007cc1   0x12  Code  Gb  stm32f10x_flash.o [1]
FLASH_WaitForLastOperation
                        0x08007d8d   0x20  Code  Gb  stm32f10x_flash.o [1]
Factory_Reset           0x08005c39   0x30  Code  Gb  store.o [1]
FlagFirstRun            0x200013fc    0x1  Data  Gb  store.o [1]
GPIO_Config             0x08004ecd   0x28  Code  Gb  timer.o [1]
GPIO_EXTILineConfig     0x080043f5   0x24  Code  Gb  stm32f10x_gpio.o [1]
GPIO_IOOUT              0x08004e97   0x36  Code  Gb  timer.o [1]
GPIO_Init               0x08004341   0x9e  Code  Gb  stm32f10x_gpio.o [1]
GPIO_ReadInputDataBit   0x080043df    0xe  Code  Gb  stm32f10x_gpio.o [1]
GPIO_ResetBits          0x080043f1    0x4  Code  Gb  stm32f10x_gpio.o [1]
GPIO_SetBits            0x080043ed    0x4  Code  Gb  stm32f10x_gpio.o [1]
Get_ID_formflash        0x08004b37   0x32  Code  Gb  main.o [1]
Get_nec                 0x08000eb9  0x1ac  Code  Gb  detector.o [1]
GprsData                0x200010b0  0x12c  Data  Gb  wifi.o [1]
HIGH_T                  0x200000a4    0x2  Data  Gb  detector.o [1]
HN                      0x200000d8    0x4  Data  Gb  wifi.o [1]
HardFault_Handler       0x08009daf    0x2  Code  Gb  stm32f10x_it.o [1]
ID                      0x20001418    0x4  Data  Gb  main.o [1]
IR_OUT                  0x08000ad9  0x238  Code  Gb  detector.o [1]
IR_data                 0x2000135c   0x34  Data  Gb  detector.o [1]
IR_memu                 0x2000140c    0x4  Data  Gb  detector.o [1]
IR_out_over             0x08000a97   0x42  Code  Gb  detector.o [1]
IR_out_start            0x08000a55   0x42  Code  Gb  detector.o [1]
IWDG_Enable             0x080079ed    0xa  Code  Gb  stm32f10x_iwdg.o [1]
IWDG_Feed               0x08004a93    0x4  Code  Gb  iwdg.o [1]
IWDG_Init               0x08004a6d   0x26  Code  Gb  iwdg.o [1]
IWDG_ReloadCounter      0x080079e3    0xa  Code  Gb  stm32f10x_iwdg.o [1]
IWDG_SetPrescaler       0x080079d7    0x6  Code  Gb  stm32f10x_iwdg.o [1]
IWDG_SetReload          0x080079dd    0x6  Code  Gb  stm32f10x_iwdg.o [1]
IWDG_WriteAccessCmd     0x080079d1    0x6  Code  Gb  stm32f10x_iwdg.o [1]
InStream_Read           0x08009cbf   0x22  Code  Lc  packbits_init.o [5]
InitCtl_Relation        0x080059f9   0x1a  Code  Gb  store.o [1]
InitCtl_RelationDefault
                        0x080059d3   0x14  Code  Gb  store.o [1]
InitDevInfo             0x08005c1f   0x1a  Code  Gb  store.o [1]
InitDevInfoDefault      0x08005a7b   0x6c  Code  Gb  store.o [1]
InitIRDat               0x08005981   0x1a  Code  Gb  store.o [1]
InitIRdatDefault        0x08005b15   0x14  Code  Gb  store.o [1]
InitPA_data             0x08005a13   0x1a  Code  Gb  store.o [1]
InitPA_dataDefault      0x080059e7   0x12  Code  Gb  store.o [1]
InitScenario_mode       0x08005a51   0x1a  Code  Gb  store.o [1]
InitScenario_modeDefault
                        0x08005a3d   0x14  Code  Gb  store.o [1]
InitSendDat             0x0800558f   0x1a  Code  Gb  store.o [1]
InitSendDefault         0x08005501   0x12  Code  Gb  store.o [1]
InitStuDat              0x0800599b   0x1a  Code  Gb  store.o [1]
InitStudatDefault       0x080055b9   0x16  Code  Gb  store.o [1]
InitWifDefault          0x08005ae7   0x2e  Code  Gb  store.o [1]
InitWifInfo             0x08005c05   0x1a  Code  Gb  store.o [1]
Is_Leap_Year            0x080071e1   0x3a  Code  Gb  rtc.o [1]
Jiema                   0x08001379  0x2a8  Code  Gb  detector.o [1]
KEY_LED_Init            0x08007b9d   0xb4  Code  Gb  KEY_LED.o [1]
KeyProcess              0x08007c51   0x40  Code  Gb  KEY_LED.o [1]
Kmenu                   0x200013f4    0x8  Data  Gb  KEY_LED.o [1]
LED_delay               0x08005d09   0x4e  Code  Gb  wifi.o [1]
LOW_T                   0x2000009e    0x2  Data  Gb  detector.o [1]
Load433SendDat          0x080055a9   0x10  Code  Gb  store.o [1]
Load433StudyDat         0x08005ba5   0x10  Code  Gb  store.o [1]
LoadCtl_Relation        0x080059c3   0x10  Code  Gb  store.o [1]
LoadDevInfo             0x08005bf7    0xe  Code  Gb  store.o [1]
LoadIRDat               0x08005a6b   0x10  Code  Gb  store.o [1]
LoadPA_data             0x080059b5    0xe  Code  Gb  store.o [1]
LoadScenario_mode       0x08005a2d   0x10  Code  Gb  store.o [1]
LoadWifInfo             0x08005bb5    0xe  Code  Gb  store.o [1]
MakeDeviceID            0x08003f91   0x48  Code  Gb  detector.o [1]
MemManage_Handler       0x08009db1    0x2  Code  Gb  stm32f10x_it.o [1]
NMI_Handler             0x08009dad    0x2  Code  Gb  stm32f10x_it.o [1]
NVIC_DisableIRQ         0x08000145   0x14  Code  Lc  detector.o [1]
NVIC_EnableIRQ          0x08000131   0x14  Code  Lc  detector.o [1]
NVIC_Init               0x080044b7   0x62  Code  Gb  misc.o [1]
NVIC_PriorityGroupConfig
                        0x080044ad    0xa  Code  Gb  misc.o [1]
NVIC_SetPriority        0x08004d19   0x1a  Code  Lc  Tick.o [1]
Non_out                 0x08000699   0xc0  Code  Gb  detector.o [1]
PA_DATA                 0x20001390   0x34  Data  Gb  store.o [1]
POWER_UP_RESET_CC1100   0x08004783   0x2a  Code  Gb  CC1101.o [1]
PaTabel_AskRxd          0x2000016c    0x8  Data  Gb  CC1101.o [1]
PaTabel_AskTxd          0x20000164    0x8  Data  Gb  CC1101.o [1]
PendSV_Handler          0x08009dbb    0x2  Code  Gb  stm32f10x_it.o [1]
R1Fifo_End              0x20000c38    0x4  Data  Gb  usart.o [1]
R1Fifo_Read             0x20000c3c    0x4  Data  Gb  usart.o [1]
R1Fifo_Start            0x20000c34    0x4  Data  Gb  usart.o [1]
R1Fifo_Write            0x20000c40    0x4  Data  Gb  usart.o [1]
RCC_ADCCLKConfig        0x080041f7    0xe  Code  Gb  stm32f10x_rcc.o [1]
RCC_APB1PeriphClockCmd  0x080042a9   0x16  Code  Gb  stm32f10x_rcc.o [1]
RCC_APB1PeriphResetCmd  0x080042d5   0x16  Code  Gb  stm32f10x_rcc.o [1]
RCC_APB2PeriphClockCmd  0x08004293   0x16  Code  Gb  stm32f10x_rcc.o [1]
RCC_APB2PeriphResetCmd  0x080042bf   0x16  Code  Gb  stm32f10x_rcc.o [1]
RCC_Configuration       0x08004d81   0x62  Code  Gb  timer.o [1]
RCC_DeInit              0x08004105   0x32  Code  Gb  stm32f10x_rcc.o [1]
RCC_GetClocksFreq       0x08004205   0x8e  Code  Gb  stm32f10x_rcc.o [1]
RCC_GetFlagStatus       0x080042eb   0x24  Code  Gb  stm32f10x_rcc.o [1]
RCC_GetSYSCLKSource     0x080041c1    0xa  Code  Gb  stm32f10x_rcc.o [1]
RCC_HCLKConfig          0x080041cb    0xe  Code  Gb  stm32f10x_rcc.o [1]
RCC_HSEConfig           0x08004137   0x34  Code  Gb  stm32f10x_rcc.o [1]
RCC_PCLK1Config         0x080041d9    0xe  Code  Gb  stm32f10x_rcc.o [1]
RCC_PCLK2Config         0x080041e7   0x10  Code  Gb  stm32f10x_rcc.o [1]
RCC_PLLCmd              0x080041ad    0x6  Code  Gb  stm32f10x_rcc.o [1]
RCC_PLLConfig           0x0800419d   0x10  Code  Gb  stm32f10x_rcc.o [1]
RCC_SYSCLKConfig        0x080041b3    0xe  Code  Gb  stm32f10x_rcc.o [1]
RCC_WaitForHSEStartUp   0x0800416b   0x32  Code  Gb  stm32f10x_rcc.o [1]
RESET_CC1100            0x08004761   0x22  Code  Gb  CC1101.o [1]
RTC_Get_Week            0x080073ad   0x62  Code  Gb  rtc.o [1]
Receive                 0x20000088    0x8  Data  Gb  detector.o [1]
Region$$Table$$Base     0x08009e50          --   Gb  - Linker created -
Region$$Table$$Limit    0x08009e7c          --   Gb  - Linker created -
SPI_Cmd                 0x080079a1   0x18  Code  Gb  stm32f10x_spi.o [1]
SPI_I2S_GetFlagStatus   0x080079c1    0xe  Code  Gb  stm32f10x_spi.o [1]
SPI_I2S_ReceiveData     0x080079bd    0x4  Code  Gb  stm32f10x_spi.o [1]
SPI_I2S_SendData        0x080079b9    0x4  Code  Gb  stm32f10x_spi.o [1]
SPI_Init                0x08007969   0x38  Code  Gb  stm32f10x_spi.o [1]
SVC_Handler             0x08009db7    0x2  Code  Gb  stm32f10x_it.o [1]
SYNO_T                  0x200000a0    0x2  Data  Gb  detector.o [1]
S_MODE                  0x20000f64  0x14c  Data  Gb  store.o [1]
Save433SendDat          0x08005513   0x7c  Code  Gb  store.o [1]
Save433StudyDat         0x080055cf   0x7e  Code  Gb  store.o [1]
SaveCtl_Relation        0x080056cf   0x82  Code  Gb  store.o [1]
SaveDevInfo             0x0800564d   0x82  Code  Gb  store.o [1]
SavePA_data             0x08005851   0x7e  Code  Gb  store.o [1]
SaveScenario_mode       0x08005751   0x80  Code  Gb  store.o [1]
SaveWifiInfo            0x08005b29   0x7c  Code  Gb  store.o [1]
Save_433_flash          0x0800314d   0xf0  Code  Gb  detector.o [1]
Save_ir_data            0x080057d1   0x80  Code  Gb  store.o [1]
SendDat                 0x200005c8   0x5c  Data  Gb  store.o [1]
Send_ALM_infrared       0x080036cd   0x9e  Code  Gb  detector.o [1]
SetSysClock             0x08007a49    0x2  Code  Lc  system_stm32f10x.o [1]
SetSysClockTo72         0x08007a4b   0xa4  Code  Lc  system_stm32f10x.o [1]
Set_Ask_RxMode          0x08004a37   0x1c  Code  Gb  CC1101.o [1]
Set_Ask_TxMode          0x08004a1b   0x1c  Code  Gb  CC1101.o [1]
Specify_Musi_Play       0x08006eb9   0x36  Code  Gb  wifi.o [1]
Specify_Volume          0x08007145   0x3e  Code  Gb  JQ6500.o [1]
Specify_musi_play       0x0800710d   0x38  Code  Gb  JQ6500.o [1]
SpiTxRxByte             0x08004715   0x4c  Code  Gb  CC1101.o [1]
Study                   0x080026c1  0x91e  Code  Gb  detector.o [1]
StudyDat                0x200002c4  0x304  Data  Gb  store.o [1]
Study_Gas               0x080016f9   0x1e  Code  Gb  detector.o [1]
Study_Infrared          0x08001689   0x1e  Code  Gb  detector.o [1]
Study_Menci             0x08001655   0x1e  Code  Gb  detector.o [1]
Study_Remote            0x08001621   0x1e  Code  Gb  detector.o [1]
Study_Smoke             0x080016c1   0x1e  Code  Gb  detector.o [1]
Study_app               0x0800176d   0x1e  Code  Gb  detector.o [1]
Study_calling           0x08001735   0x1e  Code  Gb  detector.o [1]
SysTick_Config          0x08004d33   0x28  Code  Lc  Tick.o [1]
SysTick_Handler         0x08009dbd    0xa  Code  Gb  stm32f10x_it.o [1]
Sys_out                 0x080003cb   0x40  Code  Gb  detector.o [1]
SystemInit              0x08007a09   0x40  Code  Gb  system_stm32f10x.o [1]
TIM1_Config             0x08004ef5   0x92  Code  Gb  timer.o [1]
TIM2_IRQHandler         0x08007b05   0x2e  Code  Gb  sys.o [1]
TIM2_Int_Init           0x08007b39   0x64  Code  Gb  sys.o [1]
TIM2_tick               0x20001420    0x4  Data  Gb  sys.o [1]
TIM3_IRQHandler         0x08004f87   0x1e  Code  Gb  timer.o [1]
TIM3_Int_Init           0x08004e1f   0x3c  Code  Gb  timer.o [1]
TIM4_Int_Init           0x08004e5b   0x3c  Code  Gb  timer.o [1]
TIM5_Int_Init           0x08004de3   0x3c  Code  Gb  timer.o [1]
TIME_Get                0x080072d1   0xcc  Code  Gb  rtc.o [1]
TIME_Set                0x0800721b   0xb6  Code  Gb  rtc.o [1]
TIM_ARRPreloadConfig    0x080052ed   0x18  Code  Gb  stm32f10x_tim.o [1]
TIM_ClearITPendingBit   0x0800532b    0x6  Code  Gb  stm32f10x_tim.o [1]
TIM_Cmd                 0x080052a5   0x18  Code  Gb  stm32f10x_tim.o [1]
TIM_CtrlPWMOutputs      0x080052bd   0x1c  Code  Gb  stm32f10x_tim.o [1]
TIM_DeInit              0x08004fb9  0x202  Code  Gb  stm32f10x_tim.o [1]
TIM_GetITStatus         0x08005313   0x18  Code  Gb  stm32f10x_tim.o [1]
TIM_ITConfig            0x080052d9   0x14  Code  Gb  stm32f10x_tim.o [1]
TIM_OC1PreloadConfig    0x08005305    0xe  Code  Gb  stm32f10x_tim.o [1]
TIM_OC4Init             0x0800524b   0x5a  Code  Gb  stm32f10x_tim.o [1]
TIM_TimeBaseInit        0x080051bb   0x90  Code  Gb  stm32f10x_tim.o [1]
TickGet                 0x08004d67    0x6  Code  Gb  Tick.o [1]
TickInit                0x08004d65    0x2  Code  Gb  Tick.o [1]
UART4_IRQHandler        0x08007967    0x2  Code  Gb  usart.o [1]
UART4_RecData           0x080076e5   0x6c  Code  Gb  usart.o [1]
UART4_SendByte          0x0800781d   0x14  Code  Gb  usart.o [1]
UART4_Send_Str          0x08007831   0x16  Code  Gb  usart.o [1]
UART4_printf            0x08007479   0x3e  Code  Gb  usart.o [1]
UARTBUF_Init            0x080078b9   0x18  Code  Gb  usart.o [1]
UARTR1BUF_HoldNum       0x080078d1   0x32  Code  Gb  usart.o [1]
UARTR1BUF_Read          0x08007903   0x40  Code  Gb  usart.o [1]
UARTR1Buf               0x20000c44  0x190  Data  Gb  usart.o [1]
USART1_IRQHandler       0x08007961    0x2  Code  Gb  usart.o [1]
USART2_IRQHandler       0x08007963    0x2  Code  Gb  usart.o [1]
USART3_IRQHandler       0x08007965    0x2  Code  Gb  usart.o [1]
USART_ClearFlag         0x080091c9    0x6  Code  Gb  stm32f10x_usart.o [1]
USART_ClearITPendingBit
                        0x08009217   0x10  Code  Gb  stm32f10x_usart.o [1]
USART_Cmd               0x08009159   0x18  Code  Gb  stm32f10x_usart.o [1]
USART_DeInit            0x08009005   0x9a  Code  Gb  stm32f10x_usart.o [1]
USART_GetFlagStatus     0x080091bb    0xe  Code  Gb  stm32f10x_usart.o [1]
USART_GetITStatus       0x080091cf   0x48  Code  Gb  stm32f10x_usart.o [1]
USART_ITConfig          0x08009171   0x3a  Code  Gb  stm32f10x_usart.o [1]
USART_Init              0x0800909f   0xa4  Code  Gb  stm32f10x_usart.o [1]
USART_ReceiveData       0x080091b3    0x8  Code  Gb  stm32f10x_usart.o [1]
USART_SendData          0x080091ab    0x8  Code  Gb  stm32f10x_usart.o [1]
Uart1_Init              0x080074b7   0xb2  Code  Gb  usart.o [1]
Uart2_Init              0x08007569   0xae  Code  Gb  usart.o [1]
Uart4_Init              0x08007617   0xb2  Code  Gb  usart.o [1]
UsageFault_Handler      0x08009db5    0x2  Code  Gb  stm32f10x_it.o [1]
Usart1_RecData          0x0800779f   0x7e  Code  Gb  usart.o [1]
Usart1_SendByte         0x08007875   0x14  Code  Gb  usart.o [1]
Usart1_SendData         0x08007889   0x1a  Code  Gb  usart.o [1]
Usart1_Send_Str         0x080078a3   0x16  Code  Gb  usart.o [1]
Usart2_RecData          0x08007751   0x4e  Code  Gb  usart.o [1]
Usart2_SendByte         0x08007847   0x14  Code  Gb  usart.o [1]
Usart2_SendData         0x0800785b   0x1a  Code  Gb  usart.o [1]
Volume_path             0x080070d9   0x34  Code  Gb  JQ6500.o [1]
Wifi_GetData            0x08006413   0x1a  Code  Gb  wifi.o [1]
Wifi_udp_connect        0x08006295  0x156  Code  Gb  wifi.o [1]
_GenldFullNoMb          0x08008b95  0x24a  Code  Lc  xprintffull_nomb.o [3]
_LdtobFullNoMb          0x080087a9  0x3e6  Code  Lc  xprintffull_nomb.o [3]
_LitobFullNoMb          0x080086a1  0x106  Code  Lc  xprintffull_nomb.o [3]
_Locale_aeabi_lconv     0x20000050   0x38  Data  Gb  localeconv.o [3]
_Locale_lconv           0x20000000   0x50  Data  Gb  localeconv.o [3]
_PrintfFullNoMb         0x080080b9  0x5e2  Code  Gb  xprintffull_nomb.o [3]
_Prout                  0x08009eab   0x16  Code  Gb  xprout.o [3]
_PutcharsFullNoMb       0x08008ddf   0x2e  Code  Lc  xprintffull_nomb.o [3]
_SProut                 0x080070cf    0xa  Code  Gb  xsprout.o [3]
__aeabi_cdcmple         0x08009409         Code  Gb  DblCmpLe.o [4]
__aeabi_cdrcmple        0x08009439         Code  Gb  DblCmpGe.o [4]
__aeabi_d2iz            0x08009575         Code  Gb  DblToI32.o [4]
__aeabi_d2uiz           0x080095a1         Code  Gb  DblToI32.o [4]
__aeabi_ddiv            0x08009921         Code  Gb  DblDiv.o [4]
__aeabi_dmul            0x0800977d         Code  Gb  DblMul.o [4]
__aeabi_dsub            0x080095fd         Code  Gb  DblSub.o [4]
__aeabi_f2iz            0x08008f8d         Code  Gb  FltToS32.o [4]
__aeabi_fmul            0x08008eb5         Code  Gb  FltMul.o [4]
__aeabi_i2d             0x080095cd         Code  Gb  I32ToDbl.o [4]
__aeabi_ldiv0           0x08009be5         Code  Gb  I64DivZer.o [5]
__aeabi_memclr          0x08008ead         Code  Gb  ABImemclr.o [5]
__aeabi_memclr4         0x080070c9         Code  Gb  ABImemclr4.o [5]
__aeabi_memset          0x08008051         Code  Gb  ABImemset.o [5]
__aeabi_ui2d            0x080095e1         Code  Gb  I32ToDbl.o [4]
__aeabi_uldivmod        0x080092d9         Code  Gb  I64DivMod.o [5]
__cmain                 0x08009e7d         Code  Gb  cmain.o [5]
__exit                  0x08009d99   0x14  Code  Gb  exit.o [6]
__iar_Dnorm             0x080093c7   0x42  Code  Gb  xdnorm.o [4]
__iar_Dscale            0x08009469  0x10c  Code  Gb  xdscale.o [4]
__iar_Locale_lconv_init
                        0x08009b69   0x3a  Code  Gb  localeconv.o [3]
__iar_Memchr            0x08009281         Code  Gb  memchr.o [5]
__iar_Memset            0x08008051         Code  Gb  ABImemset.o [5]
__iar_Memset4_word      0x08008fd1         Code  Gb  ABImemset48.o [5]
__iar_Memset8_word      0x08008fd1         Code  Gb  ABImemset48.o [5]
__iar_Memset_word       0x08008059         Code  Gb  ABImemset.o [5]
__iar_Stdout            0x20000110   0x40  Data  Gb  xfiles.o [3]
__iar_Strchr            0x08008e95         Code  Gb  strchr.o [5]
__iar_Strstr            0x08009255   0x2c  Code  Gb  strstr.o [3]
__iar_d2uiz             0x080095ad         Code  Gb  DblToI32.o [4]
__iar_dadd              0x08009be9         Code  Gb  DblAdd.o [4]
__iar_data_init3        0x08009e29   0x28  Code  Gb  data_init.o [5]
__iar_dlib_perthread_access
                        0x08009cbd    0x2  Code  Gb  xtls.o [3]
__iar_dsub              0x08009611         Code  Gb  DblSub.o [4]
__iar_dsubStart         0x08009623         Code  Gb  DblSub.o [4]
__iar_packbits_init3    0x08009ce1   0xb2  Code  Gb  packbits_init.o [5]
__iar_program_start     0x08009edd         Code  Gb  cstartup_M.o [5]
__iar_ui2d              0x080095e5         Code  Gb  I32ToDbl.o [4]
__iar_unaligned___aeabi_memcpy
                        0x08007dad         Code  Gb  ABImemcpy_unaligned.o [5]
__iar_unaligned___aeabi_memcpy4
                        0x08007dcd         Code  Gb  ABImemcpy_unaligned.o [5]
__iar_unaligned___aeabi_memcpy8
                        0x08007dcd         Code  Gb  ABImemcpy_unaligned.o [5]
__iar_zero_init3        0x08004a97   0x22  Code  Gb  zero_init3.o [5]
__low_level_init        0x08009e97    0x4  Code  Gb  low_level_init.o [3]
__vector_table          0x08000000         Data  Gb  startup_stm32f10x_hd.o [1]
_call_main              0x08009e89         Code  Gb  cmain.o [5]
_exit                   0x08009ea1         Code  Gb  cexit.o [5]
_main                   0x08009e93         Code  Gb  cmain.o [5]
abort                   0x08009d93    0x6  Code  Gb  abort.o [3]
addr                    0x200000ec   0x24  Data  Gb  wifi.o [1]
auchCRCHi               0x08007e50  0x100  Data  Gb  crc16.o [1]
auchCRCLo               0x08007f50  0x100  Data  Gb  crc16.o [1]
calendar                0x200013e4    0xc  Data  Gb  rtc.o [1]
check_IP_stat           0x08006fe5   0xa0  Code  Gb  wifi.o [1]
check_guanling          0x08003931   0x9c  Code  Gb  detector.o [1]
check_sensor            0x0800178b   0xba  Code  Gb  detector.o [1]
check_sensor_remote     0x0800326d   0x60  Code  Gb  detector.o [1]
check_wifi_Message      0x0800666f   0x6e  Code  Gb  wifi.o [1]
check_wifi_mesg         0x0800661f   0x14  Code  Gb  wifi.o [1]
chuangui_remote         0x080037c7   0xd8  Code  Gb  detector.o [1]
cl_out                  0x0800078b   0x80  Code  Gb  detector.o [1]
copyi                   0x2000009c    0x1  Data  Gb  detector.o [1]
copyj                   0x2000009d    0x1  Data  Gb  detector.o [1]
crol                    0x080009a3   0x10  Code  Gb  detector.o [1]
data_IR_0               0x080009d5   0x40  Code  Gb  detector.o [1]
data_IR_1               0x08000a15   0x40  Code  Gb  detector.o [1]
delay_ms                0x080071b7   0x28  Code  Gb  delay.o [1]
delay_us                0x080071a1   0x16  Code  Gb  delay.o [1]
delete_Scenar           0x08005431   0x58  Code  Gb  store.o [1]
div                     0x08009bd5    0xe  Code  Gb  div.o [3]
error_wifi_time         0x20001404    0x1  Data  Gb  wifi.o [1]
exit                    0x08009e9b    0x4  Code  Gb  exit.o [3]
fashe_out               0x0800080b   0xf8  Code  Gb  detector.o [1]
first_IR                0x200013f3    0x1  Data  Gb  stm32f10x_it.o [1]
first_bf                0x20000174    0x1  Data  Gb  detector.o [1]
flash_data              0x20000640  0x400  Data  Gb  store.o [1]
fputc                   0x0800745d   0x1c  Code  Gb  usart.o [1]
get_back_study          0x08003135   0x18  Code  Gb  detector.o [1]
get_crc                 0x080009b3   0x22  Code  Gb  detector.o [1]
halRfWriteRfSettings_AskRxd
                        0x080048ef  0x12c  Code  Gb  CC1101.o [1]
halRfWriteRfSettings_AskTxd
                        0x0800481b   0xd4  Code  Gb  CC1101.o [1]
halSpiStrobe            0x08004803   0x18  Code  Gb  CC1101.o [1]
halSpiWriteBurstReg     0x080047cf   0x34  Code  Gb  CC1101.o [1]
halSpiWriteReg          0x080047ad   0x22  Code  Gb  CC1101.o [1]
halWait                 0x08004619   0x14  Code  Gb  CC1101.o [1]
hand_DELETE_IR_MODE     0x08000d31   0x1e  Code  Gb  detector.o [1]
hand_IR_data            0x0800119d   0x52  Code  Gb  detector.o [1]
hand_SET_IR_MODE        0x08000d11   0x20  Code  Gb  detector.o [1]
hand_ir_mode            0x08000d4f  0x14a  Code  Gb  detector.o [1]
hand_menci_infrared_voice
                        0x080038cd   0x64  Code  Gb  detector.o [1]
hand_pa_send            0x0800389f   0x2e  Code  Gb  detector.o [1]
hand_save_433           0x08003e3d  0x154  Code  Gb  detector.o [1]
hand_send_alrm          0x0800376b   0x5c  Code  Gb  detector.o [1]
hand_study_IR           0x08001065   0x1a  Code  Gb  detector.o [1]
hand_wifi_err           0x08006633   0x3c  Code  Gb  wifi.o [1]
hand_wifi_mesg          0x08006e45   0x6a  Code  Gb  wifi.o [1]
handle_WiFi_time_first  0x0800642d   0x94  Code  Gb  wifi.o [1]
handle_wifi_timemessage
                        0x08006749   0x64  Code  Gb  wifi.o [1]
handly_ctl_mode         0x08006dc5   0x80  Code  Gb  wifi.o [1]
handly_get_value        0x08005f4d  0x168  Code  Gb  wifi.o [1]
handly_wifi_megs        0x08006509  0x116  Code  Gb  wifi.o [1]
handsave_guanlin        0x0800537d   0xb4  Code  Gb  store.o [1]
handtime                0x200000dc    0x4  Data  Lc  wifi.o [1]
humiCompensation        0x200013cb    0x1  Data  Gb  temp-humi.o [1]
humiIncFlag             0x200013c6    0x1  Data  Gb  temp-humi.o [1]
humidity                0x200013c9    0x1  Data  Gb  temp-humi.o [1]
ir_data                 0x20000a40  0x1f4  Data  Gb  store.o [1]
ir_in_handler           0x0800107f  0x106  Code  Gb  detector.o [1]
jxr_kaguan              0x0800031d   0x84  Code  Gb  detector.o [1]
keyflag                 0x200013f2    0x1  Data  Gb  KEY_LED.o [1]
localeconv              0x08009ba3   0x16  Code  Gb  localeconv.o [3]
m_humidity              0x200013d2    0x2  Data  Gb  temp-humi.o [1]
m_temperature           0x200013d0    0x2  Data  Gb  temp-humi.o [1]
main                    0x08004b69  0x138  Code  Gb  main.o [1]
measure_level           0x08000903   0xa0  Code  Gb  detector.o [1]
memchr                  0x08009281         Code  Gb  memchr.o [5]
memcpy                  0x08005371    0xc  Code  Gb  memcpy.o [3]
memset                  0x08005cd1   0x14  Code  Gb  memset.o [3]
mesg_comeing            0x080067d9  0x5ec  Code  Gb  wifi.o [1]
mon_table               0x08007450    0xc  Data  Gb  rtc.o [1]
obuf                    0x200012d4   0x50  Data  Lc  xfiles.o [3]
oldHumidity             0x200013ca    0x1  Data  Gb  temp-humi.o [1]
oldTemperature          0x200013dc    0x4  Data  Gb  temp-humi.o [1]
port                    0x200000d4    0x2  Data  Gb  wifi.o [1]
printf                  0x08005ce5   0x24  Code  Gb  printf.o [3]
put_devinfo             0x08004ac1   0x76  Code  Gb  main.o [1]
putchar                 0x08009ec1    0xc  Code  Gb  putchar.o [3]
rec                     0x200011dc   0x28  Data  Gb  detector.o [1]
rel                     0x20001204   0x50  Data  Gb  detector.o [1]
remote_time             0x200000a8   0x24  Data  Gb  detector.o [1]
rh                      0x200013e0    0x4  Data  Gb  temp-humi.o [1]
rpdata                  0x20001324   0x34  Data  Gb  usart.o [1]
s                       0x20000dd4  0x190  Data  Gb  detector.o [1]
save_Scenar             0x08004029   0x5a  Code  Gb  detector.o [1]
save_sensor             0x0800188d  0xd1a  Code  Gb  detector.o [1]
search                  0x080063f5   0x1e  Code  Gb  wifi.o [1]
send_433data            0x08003d51   0xec  Code  Gb  detector.o [1]
send_device_info        0x08003fd9   0x4c  Code  Gb  detector.o [1]
send_out_433            0x08000759   0x32  Code  Gb  detector.o [1]
sensorError             0x200013c8    0x1  Data  Gb  temp-humi.o [1]
sensorMeasureFlag       0x200013c4    0x1  Data  Gb  temp-humi.o [1]
sensorMeasureStep       0x200013c7    0x1  Data  Gb  temp-humi.o [1]
smart_link              0x080060dd  0x170  Code  Gb  wifi.o [1]
sprintf                 0x08008e61   0x34  Code  Gb  sprintf.o [3]
strchr                  0x08008e95         Code  Gb  strchr.o [5]
strlen                  0x08008e29         Code  Gb  strlen.o [5]
strstr                  0x08007a05    0x4  Code  Gb  wifi.o [1]
sys_ticks               0x20001424    0x4  Data  Gb  Tick.o [1]
sysclk_init             0x08004d5b    0xa  Code  Gb  Tick.o [1]
table_week              0x08007420   0x30  Data  Gb  rtc.o [1]
tempCompensation        0x200013cc    0x1  Data  Gb  temp-humi.o [1]
tempIncFlag             0x200013c5    0x1  Data  Gb  temp-humi.o [1]
temperature             0x200013d8    0x4  Data  Gb  temp-humi.o [1]
time_guanlin            0x200000cc    0x4  Data  Gb  detector.o [1]
time_u32                0x080066fd   0x38  Code  Gb  wifi.o [1]
voice_delete_app        0x080033a5  0x136  Code  Gb  detector.o [1]
vsprintf                0x08009229   0x2c  Code  Gb  vsprintf.o [3]
wif_pw_ctl              0x08005ecd   0x80  Code  Gb  wifi.o [1]
wifi_flas               0x200000d1    0x1  Data  Gb  wifi.o [1]
wifi_info               0x20001258   0x7c  Data  Gb  wifi.o [1]
wifi_sendcmd            0x08006ef5   0x9e  Code  Gb  wifi.o [1]
wxkg_study              0x080011ef  0x184  Code  Gb  detector.o [1]
zhuhe_send              0x08005d57   0x34  Code  Gb  wifi.o [1]
zk                      0x20001358    0x4  Data  Gb  usart.o [1]


[1] = C:\Users\Administrator\Desktop\433_WIFI_IR\EWARM\Debug\Obj
[2] = command line
[3] = dl7M_tlf.a
[4] = m7M_tl.a
[5] = rt7M_tl.a
[6] = shb_l.a

  40 844 bytes of readonly  code memory
     158 bytes of readonly  data memory
   7 205 bytes of readwrite data memory

Errors: none
Warnings: none
